See shuttingDownAWS.txt for directions on how to shutdown your kafka
and database clusters.

My cluster names are "kafka" (3 nodes) and "cassandra" (3 nodes) and "webserver"
(1 node).


First, start your clusters:
$ peg start kafka
$ peg start cassandra
$ peg start webserver

Start up zookeeper first, then kafka (wait a few minutes for zookeeper
to get up and running):
$ peg service kafka zookeeper start
...
$ peg service kafka kafka start

Note:
If you get the error:
```
ubuntu@ec2-100-26-83-167.compute-1.amazonaws.com: Permission denied (publickey)
```
You should run
```
$ eval `ssh-agent -s`
$ peg fetch <cluster-name>
```
and then run the peg command once more.

Starting Cassandra:
$ ./startCassandraDBs.sh

Starting Redis:
$ ./startRedisDB.sh


Delete all topics:
$ ./deletePipelineTopics.sh
[this also resets the Kafka streams applications]

Create all topics:
$ ./createPipelineTopics.sh

Now run the pipeline bash scripts in this order:
1. ./pipelineProducer.sh
2. ./pipelineAnomalyStream.sh XX instead,
$ peg ssh kafka 2
$ java -jar /home/ubuntu/movingavgstream.jar
(this is necessary b/c ctrl-c needs to shut down the application
for the reset in deletePipelineTopics to be effective)

3. ./pipelineSumStream.sh XX instead,
$ peg ssh kafka 2
$ java -jar /home/ubuntu/jsonsum.jar
(!! This doesn't produce any output!!)

4. ./pipelineTimeSeriesConsumer.sh
5. ./pipelineMovingAvgConsumer.sh
6. ./pipelineOutageConsumer.sh
7. ./pipelineTheftConsumer.sh
8. ./pipelineSumRedisConsumer.sh
